
> frontend@0.0.0 dev
> vite


  VITE v7.3.1  ready in 309 ms

  ➜  Local:   http://localhost:15173/
  ➜  Network: use --host to expose
21:05:24 [vite] (client) page reload src/router/index.ts
21:05:25 [vite] (client) Pre-transform error: Failed to resolve import "../views/settings/PrinterTemplate.vue" from "src/router/index.ts". Does the file exist?
  Plugin: vite:import-analysis
  File: /Users/long/Desktop/1230/AdUser/ITOM/frontend/src/router/index.ts:66:32
  61 |      path: "settings/printer",
  62 |      name: "PrinterTemplate",
  63 |      component: () => import("../views/settings/PrinterTemplate.vue"),
     |                              ^
  64 |      meta: { title: "打印模板设置" }
  65 |    }
21:05:25 [vite] Internal server error: Failed to resolve import "../views/settings/PrinterTemplate.vue" from "src/router/index.ts". Does the file exist?
  Plugin: vite:import-analysis
  File: /Users/long/Desktop/1230/AdUser/ITOM/frontend/src/router/index.ts:66:32
  61 |      path: "settings/printer",
  62 |      name: "PrinterTemplate",
  63 |      component: () => import("../views/settings/PrinterTemplate.vue"),
     |                              ^
  64 |      meta: { title: "打印模板设置" }
  65 |    }
      at TransformPluginContext._formatLog (file:///Users/long/Desktop/1230/AdUser/ITOM/frontend/node_modules/vite/dist/node/chunks/config.js:28999:43)
      at TransformPluginContext.error (file:///Users/long/Desktop/1230/AdUser/ITOM/frontend/node_modules/vite/dist/node/chunks/config.js:28996:14)
      at normalizeUrl (file:///Users/long/Desktop/1230/AdUser/ITOM/frontend/node_modules/vite/dist/node/chunks/config.js:27119:18)
      at process.processTicksAndRejections (node:internal/process/task_queues:104:5)
      at async file:///Users/long/Desktop/1230/AdUser/ITOM/frontend/node_modules/vite/dist/node/chunks/config.js:27177:32
      at async Promise.all (index 13)
      at async TransformPluginContext.transform (file:///Users/long/Desktop/1230/AdUser/ITOM/frontend/node_modules/vite/dist/node/chunks/config.js:27145:4)
      at async EnvironmentPluginContainer.transform (file:///Users/long/Desktop/1230/AdUser/ITOM/frontend/node_modules/vite/dist/node/chunks/config.js:28797:14)
      at async loadAndTransform (file:///Users/long/Desktop/1230/AdUser/ITOM/frontend/node_modules/vite/dist/node/chunks/config.js:22670:26)
      at async viteTransformMiddleware (file:///Users/long/Desktop/1230/AdUser/ITOM/frontend/node_modules/vite/dist/node/chunks/config.js:24542:20)
21:05:25 [vite] Internal server error: Failed to resolve import "../views/settings/PrinterTemplate.vue" from "src/router/index.ts". Does the file exist?
  Plugin: vite:import-analysis
  File: /Users/long/Desktop/1230/AdUser/ITOM/frontend/src/router/index.ts:66:32
  61 |      path: "settings/printer",
  62 |      name: "PrinterTemplate",
  63 |      component: () => import("../views/settings/PrinterTemplate.vue"),
     |                              ^
  64 |      meta: { title: "打印模板设置" }
  65 |    }
      at TransformPluginContext._formatLog (file:///Users/long/Desktop/1230/AdUser/ITOM/frontend/node_modules/vite/dist/node/chunks/config.js:28999:43)
      at TransformPluginContext.error (file:///Users/long/Desktop/1230/AdUser/ITOM/frontend/node_modules/vite/dist/node/chunks/config.js:28996:14)
      at normalizeUrl (file:///Users/long/Desktop/1230/AdUser/ITOM/frontend/node_modules/vite/dist/node/chunks/config.js:27119:18)
      at process.processTicksAndRejections (node:internal/process/task_queues:104:5)
      at async file:///Users/long/Desktop/1230/AdUser/ITOM/frontend/node_modules/vite/dist/node/chunks/config.js:27177:32
      at async Promise.all (index 13)
      at async TransformPluginContext.transform (file:///Users/long/Desktop/1230/AdUser/ITOM/frontend/node_modules/vite/dist/node/chunks/config.js:27145:4)
      at async EnvironmentPluginContainer.transform (file:///Users/long/Desktop/1230/AdUser/ITOM/frontend/node_modules/vite/dist/node/chunks/config.js:28797:14)
      at async loadAndTransform (file:///Users/long/Desktop/1230/AdUser/ITOM/frontend/node_modules/vite/dist/node/chunks/config.js:22670:26)
      at async viteTransformMiddleware (file:///Users/long/Desktop/1230/AdUser/ITOM/frontend/node_modules/vite/dist/node/chunks/config.js:24542:20)
21:06:01 [vite] (client) hmr update /src/style.css
21:06:01 [vite] (client) Pre-transform error: Failed to resolve import "../views/settings/PrinterTemplate.vue" from "src/router/index.ts". Does the file exist?
  Plugin: vite:import-analysis
  File: /Users/long/Desktop/1230/AdUser/ITOM/frontend/src/router/index.ts:66:32
  61 |      path: "settings/printer",
  62 |      name: "PrinterTemplate",
  63 |      component: () => import("../views/settings/PrinterTemplate.vue"),
     |                              ^
  64 |      meta: { title: "打印模板设置" }
  65 |    }
21:06:01 [vite] Internal server error: Failed to resolve import "../views/settings/PrinterTemplate.vue" from "src/router/index.ts". Does the file exist?
  Plugin: vite:import-analysis
  File: /Users/long/Desktop/1230/AdUser/ITOM/frontend/src/router/index.ts:66:32
  61 |      path: "settings/printer",
  62 |      name: "PrinterTemplate",
  63 |      component: () => import("../views/settings/PrinterTemplate.vue"),
     |                              ^
  64 |      meta: { title: "打印模板设置" }
  65 |    }
      at TransformPluginContext._formatLog (file:///Users/long/Desktop/1230/AdUser/ITOM/frontend/node_modules/vite/dist/node/chunks/config.js:28999:43)
      at TransformPluginContext.error (file:///Users/long/Desktop/1230/AdUser/ITOM/frontend/node_modules/vite/dist/node/chunks/config.js:28996:14)
      at normalizeUrl (file:///Users/long/Desktop/1230/AdUser/ITOM/frontend/node_modules/vite/dist/node/chunks/config.js:27119:18)
      at process.processTicksAndRejections (node:internal/process/task_queues:104:5)
      at async file:///Users/long/Desktop/1230/AdUser/ITOM/frontend/node_modules/vite/dist/node/chunks/config.js:27177:32
      at async Promise.all (index 13)
      at async TransformPluginContext.transform (file:///Users/long/Desktop/1230/AdUser/ITOM/frontend/node_modules/vite/dist/node/chunks/config.js:27145:4)
      at async EnvironmentPluginContainer.transform (file:///Users/long/Desktop/1230/AdUser/ITOM/frontend/node_modules/vite/dist/node/chunks/config.js:28797:14)
      at async loadAndTransform (file:///Users/long/Desktop/1230/AdUser/ITOM/frontend/node_modules/vite/dist/node/chunks/config.js:22670:26)
      at async viteTransformMiddleware (file:///Users/long/Desktop/1230/AdUser/ITOM/frontend/node_modules/vite/dist/node/chunks/config.js:24542:20)
21:06:01 [vite] Internal server error: Failed to resolve import "../views/settings/PrinterTemplate.vue" from "src/router/index.ts". Does the file exist?
  Plugin: vite:import-analysis
  File: /Users/long/Desktop/1230/AdUser/ITOM/frontend/src/router/index.ts:66:32
  61 |      path: "settings/printer",
  62 |      name: "PrinterTemplate",
  63 |      component: () => import("../views/settings/PrinterTemplate.vue"),
     |                              ^
  64 |      meta: { title: "打印模板设置" }
  65 |    }
      at TransformPluginContext._formatLog (file:///Users/long/Desktop/1230/AdUser/ITOM/frontend/node_modules/vite/dist/node/chunks/config.js:28999:43)
      at TransformPluginContext.error (file:///Users/long/Desktop/1230/AdUser/ITOM/frontend/node_modules/vite/dist/node/chunks/config.js:28996:14)
      at normalizeUrl (file:///Users/long/Desktop/1230/AdUser/ITOM/frontend/node_modules/vite/dist/node/chunks/config.js:27119:18)
      at process.processTicksAndRejections (node:internal/process/task_queues:104:5)
      at async file:///Users/long/Desktop/1230/AdUser/ITOM/frontend/node_modules/vite/dist/node/chunks/config.js:27177:32
      at async Promise.all (index 13)
      at async TransformPluginContext.transform (file:///Users/long/Desktop/1230/AdUser/ITOM/frontend/node_modules/vite/dist/node/chunks/config.js:27145:4)
      at async EnvironmentPluginContainer.transform (file:///Users/long/Desktop/1230/AdUser/ITOM/frontend/node_modules/vite/dist/node/chunks/config.js:28797:14)
      at async loadAndTransform (file:///Users/long/Desktop/1230/AdUser/ITOM/frontend/node_modules/vite/dist/node/chunks/config.js:22670:26)
      at async viteTransformMiddleware (file:///Users/long/Desktop/1230/AdUser/ITOM/frontend/node_modules/vite/dist/node/chunks/config.js:24542:20)
21:06:14 [vite] (client) hmr update /src/layouts/MainLayout.vue, /src/style.css
21:06:15 [vite] (client) Pre-transform error: Failed to resolve import "../views/settings/PrinterTemplate.vue" from "src/router/index.ts". Does the file exist?
  Plugin: vite:import-analysis
  File: /Users/long/Desktop/1230/AdUser/ITOM/frontend/src/router/index.ts:66:32
  61 |      path: "settings/printer",
  62 |      name: "PrinterTemplate",
  63 |      component: () => import("../views/settings/PrinterTemplate.vue"),
     |                              ^
  64 |      meta: { title: "打印模板设置" }
  65 |    }
21:06:15 [vite] Internal server error: Failed to resolve import "../views/settings/PrinterTemplate.vue" from "src/router/index.ts". Does the file exist?
  Plugin: vite:import-analysis
  File: /Users/long/Desktop/1230/AdUser/ITOM/frontend/src/router/index.ts:66:32
  61 |      path: "settings/printer",
  62 |      name: "PrinterTemplate",
  63 |      component: () => import("../views/settings/PrinterTemplate.vue"),
     |                              ^
  64 |      meta: { title: "打印模板设置" }
  65 |    }
      at TransformPluginContext._formatLog (file:///Users/long/Desktop/1230/AdUser/ITOM/frontend/node_modules/vite/dist/node/chunks/config.js:28999:43)
      at TransformPluginContext.error (file:///Users/long/Desktop/1230/AdUser/ITOM/frontend/node_modules/vite/dist/node/chunks/config.js:28996:14)
      at normalizeUrl (file:///Users/long/Desktop/1230/AdUser/ITOM/frontend/node_modules/vite/dist/node/chunks/config.js:27119:18)
      at process.processTicksAndRejections (node:internal/process/task_queues:104:5)
      at async file:///Users/long/Desktop/1230/AdUser/ITOM/frontend/node_modules/vite/dist/node/chunks/config.js:27177:32
      at async Promise.all (index 13)
      at async TransformPluginContext.transform (file:///Users/long/Desktop/1230/AdUser/ITOM/frontend/node_modules/vite/dist/node/chunks/config.js:27145:4)
      at async EnvironmentPluginContainer.transform (file:///Users/long/Desktop/1230/AdUser/ITOM/frontend/node_modules/vite/dist/node/chunks/config.js:28797:14)
      at async loadAndTransform (file:///Users/long/Desktop/1230/AdUser/ITOM/frontend/node_modules/vite/dist/node/chunks/config.js:22670:26)
      at async viteTransformMiddleware (file:///Users/long/Desktop/1230/AdUser/ITOM/frontend/node_modules/vite/dist/node/chunks/config.js:24542:20)
21:06:15 [vite] Internal server error: Failed to resolve import "../views/settings/PrinterTemplate.vue" from "src/router/index.ts". Does the file exist?
  Plugin: vite:import-analysis
  File: /Users/long/Desktop/1230/AdUser/ITOM/frontend/src/router/index.ts:66:32
  61 |      path: "settings/printer",
  62 |      name: "PrinterTemplate",
  63 |      component: () => import("../views/settings/PrinterTemplate.vue"),
     |                              ^
  64 |      meta: { title: "打印模板设置" }
  65 |    }
      at TransformPluginContext._formatLog (file:///Users/long/Desktop/1230/AdUser/ITOM/frontend/node_modules/vite/dist/node/chunks/config.js:28999:43)
      at TransformPluginContext.error (file:///Users/long/Desktop/1230/AdUser/ITOM/frontend/node_modules/vite/dist/node/chunks/config.js:28996:14)
      at normalizeUrl (file:///Users/long/Desktop/1230/AdUser/ITOM/frontend/node_modules/vite/dist/node/chunks/config.js:27119:18)
      at process.processTicksAndRejections (node:internal/process/task_queues:104:5)
      at async file:///Users/long/Desktop/1230/AdUser/ITOM/frontend/node_modules/vite/dist/node/chunks/config.js:27177:32
      at async Promise.all (index 13)
      at async TransformPluginContext.transform (file:///Users/long/Desktop/1230/AdUser/ITOM/frontend/node_modules/vite/dist/node/chunks/config.js:27145:4)
      at async EnvironmentPluginContainer.transform (file:///Users/long/Desktop/1230/AdUser/ITOM/frontend/node_modules/vite/dist/node/chunks/config.js:28797:14)
      at async loadAndTransform (file:///Users/long/Desktop/1230/AdUser/ITOM/frontend/node_modules/vite/dist/node/chunks/config.js:22670:26)
      at async viteTransformMiddleware (file:///Users/long/Desktop/1230/AdUser/ITOM/frontend/node_modules/vite/dist/node/chunks/config.js:24542:20)
21:06:15 [vite] Internal server error: Failed to resolve import "../views/settings/PrinterTemplate.vue" from "src/router/index.ts". Does the file exist?
  Plugin: vite:import-analysis
  File: /Users/long/Desktop/1230/AdUser/ITOM/frontend/src/router/index.ts:66:32
  61 |      path: "settings/printer",
  62 |      name: "PrinterTemplate",
  63 |      component: () => import("../views/settings/PrinterTemplate.vue"),
     |                              ^
  64 |      meta: { title: "打印模板设置" }
  65 |    }
      at TransformPluginContext._formatLog (file:///Users/long/Desktop/1230/AdUser/ITOM/frontend/node_modules/vite/dist/node/chunks/config.js:28999:43)
      at TransformPluginContext.error (file:///Users/long/Desktop/1230/AdUser/ITOM/frontend/node_modules/vite/dist/node/chunks/config.js:28996:14)
      at normalizeUrl (file:///Users/long/Desktop/1230/AdUser/ITOM/frontend/node_modules/vite/dist/node/chunks/config.js:27119:18)
      at process.processTicksAndRejections (node:internal/process/task_queues:104:5)
      at async file:///Users/long/Desktop/1230/AdUser/ITOM/frontend/node_modules/vite/dist/node/chunks/config.js:27177:32
      at async Promise.all (index 13)
      at async TransformPluginContext.transform (file:///Users/long/Desktop/1230/AdUser/ITOM/frontend/node_modules/vite/dist/node/chunks/config.js:27145:4)
      at async EnvironmentPluginContainer.transform (file:///Users/long/Desktop/1230/AdUser/ITOM/frontend/node_modules/vite/dist/node/chunks/config.js:28797:14)
      at async loadAndTransform (file:///Users/long/Desktop/1230/AdUser/ITOM/frontend/node_modules/vite/dist/node/chunks/config.js:22670:26)
      at async viteTransformMiddleware (file:///Users/long/Desktop/1230/AdUser/ITOM/frontend/node_modules/vite/dist/node/chunks/config.js:24542:20)
21:06:44 [vite] (client) page reload src/views/settings/PrinterTemplate.vue
21:14:17 [vite] (client) hmr update /src/views/settings/PrinterTemplate.vue
21:16:37 [vite] (client) hmr update /src/views/settings/PrinterTemplate.vue
21:22:28 [vite] (client) hmr update /src/views/settings/PrinterTemplate.vue
21:25:30 [vite] (client) hmr update /src/views/settings/PrinterTemplate.vue
21:32:14 [vite] (client) hmr update /src/views/settings/PrinterTemplate.vue
21:33:44 [vite] (client) hmr update /src/views/settings/PrinterTemplate.vue
21:34:34 [vite] (client) hmr update /src/views/settings/PrinterTemplate.vue
21:38:45 [vite] (client) hmr update /src/views/settings/PrinterTemplate.vue
21:40:36 [vite] (client) hmr update /src/views/settings/PrinterTemplate.vue
21:58:42 [vite] (client) hmr update /src/views/settings/PrinterTemplate.vue, /src/views/settings/PrinterTemplate.vue?vue&type=style&index=0&scoped=8d16383e&lang.css
22:05:05 [vite] (client) hmr update /src/views/settings/PrinterTemplate.vue
22:05:34 [vite] (client) hmr update /src/views/settings/PrinterTemplate.vue
22:20:16 [vite] (client) hmr update /src/views/settings/PrinterTemplate.vue
22:33:29 [vite] (client) hmr update /src/views/settings/PrinterTemplate.vue
