
> frontend@0.0.0 dev
> vite --port 15173


  VITE v7.3.1  ready in 402 ms

  ➜  Local:   http://localhost:15173/
  ➜  Network: use --host to expose
12:04:23 PM [vite] (client) hmr update /src/layouts/MainLayout.vue, /src/style.css
12:04:27 PM [vite] (client) hmr update /src/style.css
12:07:33 PM [vite] (client) hmr update /src/style.css
12:07:33 PM [vite] (client) hmr update /src/layouts/MainLayout.vue, /src/style.css
12:07:39 PM [vite] (client) hmr update /src/style.css
12:07:39 PM [vite] (client) hmr update /src/layouts/MainLayout.vue, /src/style.css
12:12:40 PM [vite] (client) hmr update /src/views/settings/System.vue, /src/style.css
1:25:02 PM [vite] (client) hmr update /src/views/settings/PrinterTemplate.vue, /src/style.css
1:25:25 PM [vite] (client) hmr update /src/views/asset/List.vue, /src/style.css
1:25:58 PM [vite] (client) hmr update /src/style.css
1:26:16 PM [vite] (client) hmr update /src/views/asset/List.vue, /src/style.css
1:27:28 PM [vite] Internal server error: Element is missing end tag.
  Plugin: vite:vue
  File: /Users/long/Desktop/1230/AdUser/ITOM/frontend/src/views/asset/List.vue:414:8
  412 |  
  413 |         <!-- 居中可视化预览画板 -->
  414 |         <div class="flex items-center justify-center bg-gray-100 rounded border border-dashed border-gray-300 relative...
      |          ^
  415 |              style="min-height: 400px; user-select: none;" @mousedown.self="selectElement(null)">
  416 |              <span class="absolute top-2 left-2 text-xs text-gray-400 pointer-events-none">直接拖拽表格边框改变大小，单击段落修改字号。</span>
      at createCompilerError (/Users/long/Desktop/1230/AdUser/ITOM/frontend/node_modules/@vue/compiler-core/dist/compiler-core.cjs.js:1378:17)
      at emitError (/Users/long/Desktop/1230/AdUser/ITOM/frontend/node_modules/@vue/compiler-core/dist/compiler-core.cjs.js:3014:5)
      at Object.onclosetag (/Users/long/Desktop/1230/AdUser/ITOM/frontend/node_modules/@vue/compiler-core/dist/compiler-core.cjs.js:2381:13)
      at Tokenizer.stateInClosingTagName (/Users/long/Desktop/1230/AdUser/ITOM/frontend/node_modules/@vue/compiler-core/dist/compiler-core.cjs.js:799:16)
      at Tokenizer.parse (/Users/long/Desktop/1230/AdUser/ITOM/frontend/node_modules/@vue/compiler-core/dist/compiler-core.cjs.js:1157:16)
      at Object.baseParse (/Users/long/Desktop/1230/AdUser/ITOM/frontend/node_modules/@vue/compiler-core/dist/compiler-core.cjs.js:3053:13)
      at Object.parse (/Users/long/Desktop/1230/AdUser/ITOM/frontend/node_modules/@vue/compiler-dom/dist/compiler-dom.cjs.js:910:23)
      at Object.parse$1 [as parse] (/Users/long/Desktop/1230/AdUser/ITOM/frontend/node_modules/@vue/compiler-sfc/dist/compiler-sfc.cjs.js:1824:24)
      at createDescriptor (file:///Users/long/Desktop/1230/AdUser/ITOM/frontend/node_modules/@vitejs/plugin-vue/dist/index.mjs:54:42)
      at handleHotUpdate (file:///Users/long/Desktop/1230/AdUser/ITOM/frontend/node_modules/@vitejs/plugin-vue/dist/index.mjs:1162:25)
1:27:38 PM [vite] Internal server error: Element is missing end tag.
  Plugin: vite:vue
  File: /Users/long/Desktop/1230/AdUser/ITOM/frontend/src/views/asset/List.vue:414:8
  412 |  
  413 |         <!-- 居中可视化预览画板 -->
  414 |         <div class="flex items-center justify-center bg-gray-100 rounded border border-dashed border-gray-300 relative...
      |          ^
  415 |              style="min-height: 400px; user-select: none;" @mousedown.self="selectElement(null)">
  416 |              <span class="absolute top-2 left-2 text-xs text-gray-400 pointer-events-none">直接拖拽表格边框改变大小，单击段落修改字号。</span>
      at createCompilerError (/Users/long/Desktop/1230/AdUser/ITOM/frontend/node_modules/@vue/compiler-core/dist/compiler-core.cjs.js:1378:17)
      at emitError (/Users/long/Desktop/1230/AdUser/ITOM/frontend/node_modules/@vue/compiler-core/dist/compiler-core.cjs.js:3014:5)
      at Object.onclosetag (/Users/long/Desktop/1230/AdUser/ITOM/frontend/node_modules/@vue/compiler-core/dist/compiler-core.cjs.js:2381:13)
      at Tokenizer.stateInClosingTagName (/Users/long/Desktop/1230/AdUser/ITOM/frontend/node_modules/@vue/compiler-core/dist/compiler-core.cjs.js:799:16)
      at Tokenizer.parse (/Users/long/Desktop/1230/AdUser/ITOM/frontend/node_modules/@vue/compiler-core/dist/compiler-core.cjs.js:1157:16)
      at Object.baseParse (/Users/long/Desktop/1230/AdUser/ITOM/frontend/node_modules/@vue/compiler-core/dist/compiler-core.cjs.js:3053:13)
      at Object.parse (/Users/long/Desktop/1230/AdUser/ITOM/frontend/node_modules/@vue/compiler-dom/dist/compiler-dom.cjs.js:910:23)
      at Object.parse$1 [as parse] (/Users/long/Desktop/1230/AdUser/ITOM/frontend/node_modules/@vue/compiler-sfc/dist/compiler-sfc.cjs.js:1824:24)
      at createDescriptor (file:///Users/long/Desktop/1230/AdUser/ITOM/frontend/node_modules/@vitejs/plugin-vue/dist/index.mjs:54:42)
      at handleHotUpdate (file:///Users/long/Desktop/1230/AdUser/ITOM/frontend/node_modules/@vitejs/plugin-vue/dist/index.mjs:1162:25)
1:28:30 PM [vite] Internal server error: Element is missing end tag.
  Plugin: vite:vue
  File: /Users/long/Desktop/1230/AdUser/ITOM/frontend/src/views/asset/List.vue:414:8
  412 |  
  413 |         <!-- 居中可视化预览画板 -->
  414 |         <div class="flex items-center justify-center bg-gray-100 rounded border border-dashed border-gray-300 relative...
      |          ^
  415 |              style="min-height: 400px; user-select: none;" @mousedown.self="selectElement(null)">
  416 |              <span class="absolute top-2 left-2 text-xs text-gray-400 pointer-events-none">直接拖拽表格边框改变大小，单击段落修改字号。</span>
      at createCompilerError (/Users/long/Desktop/1230/AdUser/ITOM/frontend/node_modules/@vue/compiler-core/dist/compiler-core.cjs.js:1378:17)
      at emitError (/Users/long/Desktop/1230/AdUser/ITOM/frontend/node_modules/@vue/compiler-core/dist/compiler-core.cjs.js:3014:5)
      at Object.onclosetag (/Users/long/Desktop/1230/AdUser/ITOM/frontend/node_modules/@vue/compiler-core/dist/compiler-core.cjs.js:2381:13)
      at Tokenizer.stateInClosingTagName (/Users/long/Desktop/1230/AdUser/ITOM/frontend/node_modules/@vue/compiler-core/dist/compiler-core.cjs.js:799:16)
      at Tokenizer.parse (/Users/long/Desktop/1230/AdUser/ITOM/frontend/node_modules/@vue/compiler-core/dist/compiler-core.cjs.js:1157:16)
      at Object.baseParse (/Users/long/Desktop/1230/AdUser/ITOM/frontend/node_modules/@vue/compiler-core/dist/compiler-core.cjs.js:3053:13)
      at Object.parse (/Users/long/Desktop/1230/AdUser/ITOM/frontend/node_modules/@vue/compiler-dom/dist/compiler-dom.cjs.js:910:23)
      at Object.parse$1 [as parse] (/Users/long/Desktop/1230/AdUser/ITOM/frontend/node_modules/@vue/compiler-sfc/dist/compiler-sfc.cjs.js:1824:24)
      at createDescriptor (file:///Users/long/Desktop/1230/AdUser/ITOM/frontend/node_modules/@vitejs/plugin-vue/dist/index.mjs:54:42)
      at handleHotUpdate (file:///Users/long/Desktop/1230/AdUser/ITOM/frontend/node_modules/@vitejs/plugin-vue/dist/index.mjs:1162:25)
1:28:49 PM [vite] Internal server error: Element is missing end tag.
  Plugin: vite:vue
  File: /Users/long/Desktop/1230/AdUser/ITOM/frontend/src/views/asset/List.vue:414:8
  412 |  
  413 |         <!-- 居中可视化预览画板 -->
  414 |         <div class="flex items-center justify-center bg-gray-100 rounded border border-dashed border-gray-300 relative...
      |          ^
  415 |              style="min-height: 400px; user-select: none;" @mousedown.self="selectElement(null)">
  416 |              <span class="absolute top-2 left-2 text-xs text-gray-400 pointer-events-none">直接拖拽表格边框改变大小，单击段落修改字号。</span>
      at createCompilerError (/Users/long/Desktop/1230/AdUser/ITOM/frontend/node_modules/@vue/compiler-core/dist/compiler-core.cjs.js:1378:17)
      at emitError (/Users/long/Desktop/1230/AdUser/ITOM/frontend/node_modules/@vue/compiler-core/dist/compiler-core.cjs.js:3014:5)
      at Object.onclosetag (/Users/long/Desktop/1230/AdUser/ITOM/frontend/node_modules/@vue/compiler-core/dist/compiler-core.cjs.js:2381:13)
      at Tokenizer.stateInClosingTagName (/Users/long/Desktop/1230/AdUser/ITOM/frontend/node_modules/@vue/compiler-core/dist/compiler-core.cjs.js:799:16)
      at Tokenizer.parse (/Users/long/Desktop/1230/AdUser/ITOM/frontend/node_modules/@vue/compiler-core/dist/compiler-core.cjs.js:1157:16)
      at Object.baseParse (/Users/long/Desktop/1230/AdUser/ITOM/frontend/node_modules/@vue/compiler-core/dist/compiler-core.cjs.js:3053:13)
      at Object.parse (/Users/long/Desktop/1230/AdUser/ITOM/frontend/node_modules/@vue/compiler-dom/dist/compiler-dom.cjs.js:910:23)
      at Object.parse$1 [as parse] (/Users/long/Desktop/1230/AdUser/ITOM/frontend/node_modules/@vue/compiler-sfc/dist/compiler-sfc.cjs.js:1824:24)
      at createDescriptor (file:///Users/long/Desktop/1230/AdUser/ITOM/frontend/node_modules/@vitejs/plugin-vue/dist/index.mjs:54:42)
      at handleHotUpdate (file:///Users/long/Desktop/1230/AdUser/ITOM/frontend/node_modules/@vitejs/plugin-vue/dist/index.mjs:1162:25)
1:30:55 PM [vite] Internal server error: Element is missing end tag.
  Plugin: vite:vue
  File: /Users/long/Desktop/1230/AdUser/ITOM/frontend/src/views/asset/List.vue:414:8
  412 |  
  413 |         <!-- 居中可视化预览画板 -->
  414 |         <div class="flex items-center justify-center bg-gray-100 rounded border border-dashed border-gray-300 relative...
      |          ^
  415 |              style="min-height: 400px; user-select: none;" @mousedown.self="selectElement(null)">
  416 |              <span class="absolute top-2 left-2 text-xs text-gray-400 pointer-events-none">直接拖拽表格边框改变大小，单击段落修改字号。</span>
      at createCompilerError (/Users/long/Desktop/1230/AdUser/ITOM/frontend/node_modules/@vue/compiler-core/dist/compiler-core.cjs.js:1378:17)
      at emitError (/Users/long/Desktop/1230/AdUser/ITOM/frontend/node_modules/@vue/compiler-core/dist/compiler-core.cjs.js:3014:5)
      at Object.onclosetag (/Users/long/Desktop/1230/AdUser/ITOM/frontend/node_modules/@vue/compiler-core/dist/compiler-core.cjs.js:2381:13)
      at Tokenizer.stateInClosingTagName (/Users/long/Desktop/1230/AdUser/ITOM/frontend/node_modules/@vue/compiler-core/dist/compiler-core.cjs.js:799:16)
      at Tokenizer.parse (/Users/long/Desktop/1230/AdUser/ITOM/frontend/node_modules/@vue/compiler-core/dist/compiler-core.cjs.js:1157:16)
      at Object.baseParse (/Users/long/Desktop/1230/AdUser/ITOM/frontend/node_modules/@vue/compiler-core/dist/compiler-core.cjs.js:3053:13)
      at Object.parse (/Users/long/Desktop/1230/AdUser/ITOM/frontend/node_modules/@vue/compiler-dom/dist/compiler-dom.cjs.js:910:23)
      at Object.parse$1 [as parse] (/Users/long/Desktop/1230/AdUser/ITOM/frontend/node_modules/@vue/compiler-sfc/dist/compiler-sfc.cjs.js:1824:24)
      at createDescriptor (file:///Users/long/Desktop/1230/AdUser/ITOM/frontend/node_modules/@vitejs/plugin-vue/dist/index.mjs:54:42)
      at handleHotUpdate (file:///Users/long/Desktop/1230/AdUser/ITOM/frontend/node_modules/@vitejs/plugin-vue/dist/index.mjs:1162:25)
1:33:00 PM [vite] (client) hmr update /src/views/asset/List.vue, /src/style.css
2:42:09 PM [vite] (client) hmr update /src/views/settings/PrinterTemplate.vue, /src/style.css
2:42:14 PM [vite] (client) hmr update /src/views/asset/List.vue, /src/style.css
